Component: Arm Compiler for Embedded 6.19 Tool: armlink [5e73cb00]

==============================================================================

Section Cross References

    startup.o(STACK) refers (Special) to heapauxi.o(.text) for __use_two_region_memory
    startup.o(HEAP) refers (Special) to heapauxi.o(.text) for __use_two_region_memory
    startup.o(RESET) refers (Special) to heapauxi.o(.text) for __use_two_region_memory
    startup.o(RESET) refers to startup.o(STACK) for StackMem
    startup.o(RESET) refers to systickpwm.o(.text.SysTick_Handler) for SysTick_Handler
    startup.o(RESET) refers to __main.o(!!!main) for __main
    startup.o(.text) refers (Special) to heapauxi.o(.text) for __use_two_region_memory
    startup.o(.text) refers to startup.o(HEAP) for HeapMem
    startup.o(.text) refers to startup.o(STACK) for StackMem
    pll.o(.ARM.exidx.text.PLL_Init) refers to pll.o(.text.PLL_Init) for [Anonymous Symbol]
    uart.o(.ARM.exidx.text.UART_Init) refers to uart.o(.text.UART_Init) for [Anonymous Symbol]
    uart.o(.text.OutCRLF) refers to uart.o(.text.UART_OutChar) for UART_OutChar
    uart.o(.ARM.exidx.text.OutCRLF) refers to uart.o(.text.OutCRLF) for [Anonymous Symbol]
    uart.o(.ARM.exidx.text.UART_OutChar) refers to uart.o(.text.UART_OutChar) for [Anonymous Symbol]
    uart.o(.ARM.exidx.text.UART_InChar) refers to uart.o(.text.UART_InChar) for [Anonymous Symbol]
    uart.o(.text.UART_OutString) refers to uart.o(.text.UART_OutChar) for UART_OutChar
    uart.o(.ARM.exidx.text.UART_OutString) refers to uart.o(.text.UART_OutString) for [Anonymous Symbol]
    uart.o(.text.UART_InUDec) refers to uart.o(.text.UART_InChar) for UART_InChar
    uart.o(.text.UART_InUDec) refers to uart.o(.text.UART_OutChar) for UART_OutChar
    uart.o(.ARM.exidx.text.UART_InUDec) refers to uart.o(.text.UART_InUDec) for [Anonymous Symbol]
    uart.o(.text.UART_OutUDec) refers to uart.o(.text.UART_OutChar) for UART_OutChar
    uart.o(.ARM.exidx.text.UART_OutUDec) refers to uart.o(.text.UART_OutUDec) for [Anonymous Symbol]
    uart.o(.text.UART_InUHex) refers to uart.o(.text.UART_InChar) for UART_InChar
    uart.o(.text.UART_InUHex) refers to uart.o(.text.UART_OutChar) for UART_OutChar
    uart.o(.ARM.exidx.text.UART_InUHex) refers to uart.o(.text.UART_InUHex) for [Anonymous Symbol]
    uart.o(.text.UART_OutUHex) refers to uart.o(.text.UART_OutChar) for UART_OutChar
    uart.o(.ARM.exidx.text.UART_OutUHex) refers to uart.o(.text.UART_OutUHex) for [Anonymous Symbol]
    uart.o(.text.UART_InString) refers to uart.o(.text.UART_InChar) for UART_InChar
    uart.o(.text.UART_InString) refers to uart.o(.text.UART_OutChar) for UART_OutChar
    uart.o(.ARM.exidx.text.UART_InString) refers to uart.o(.text.UART_InString) for [Anonymous Symbol]
    cecs447project2mcu1-1.o(.text.main) refers to startup.o(.text) for DisableInterrupts
    cecs447project2mcu1-1.o(.text.main) refers to pll.o(.text.PLL_Init) for PLL_Init
    cecs447project2mcu1-1.o(.text.main) refers to ledsw.o(.text.LEDSW_Init) for LEDSW_Init
    cecs447project2mcu1-1.o(.text.main) refers to systickpwm.o(.text.SysTick_Init) for SysTick_Init
    cecs447project2mcu1-1.o(.text.main) refers to uart0.o(.text.UART0_Init) for UART0_Init
    cecs447project2mcu1-1.o(.text.main) refers to display.o(.text.Display_Menu) for Display_Menu
    cecs447project2mcu1-1.o(.text.main) refers to uart0.o(.text.UART0_InChar) for UART0_InChar
    cecs447project2mcu1-1.o(.text.main) refers to modes.o(.text.Mode1) for Mode1
    cecs447project2mcu1-1.o(.text.main) refers to modes.o(.text.Mode2) for Mode2
    cecs447project2mcu1-1.o(.text.main) refers to modes.o(.text.Mode3) for Mode3
    cecs447project2mcu1-1.o(.text.main) refers to uart0.o(.text.OutCRLF0) for OutCRLF0
    cecs447project2mcu1-1.o(.ARM.exidx.text.main) refers to cecs447project2mcu1-1.o(.text.main) for [Anonymous Symbol]
    ledsw.o(.text.Colors_Init) refers to ledsw.o(.bss.colorsIdx) for colorsIdx
    ledsw.o(.text.Colors_Init) refers to ledsw.o(.bss.colorsChoice) for colorsChoice
    ledsw.o(.ARM.exidx.text.Colors_Init) refers to ledsw.o(.text.Colors_Init) for [Anonymous Symbol]
    ledsw.o(.text.LEDSW_Init) refers to ledsw.o(.text.Colors_Init) for Colors_Init
    ledsw.o(.ARM.exidx.text.LEDSW_Init) refers to ledsw.o(.text.LEDSW_Init) for [Anonymous Symbol]
    ledsw.o(.text.getLEDColorPortF) refers to ledsw.o(.bss.colorsIdx) for colorsIdx
    ledsw.o(.text.getLEDColorPortF) refers to ledsw.o(.data.colors) for colors
    ledsw.o(.ARM.exidx.text.getLEDColorPortF) refers to ledsw.o(.text.getLEDColorPortF) for [Anonymous Symbol]
    ledsw.o(.text.getLEDColorIdx) refers to ledsw.o(.bss.colorsIdx) for colorsIdx
    ledsw.o(.ARM.exidx.text.getLEDColorIdx) refers to ledsw.o(.text.getLEDColorIdx) for [Anonymous Symbol]
    ledsw.o(.text.getLEDColorName) refers to ledsw.o(.bss.colorsIdx) for colorsIdx
    ledsw.o(.text.getLEDColorName) refers to ledsw.o(.data.colors) for colors
    ledsw.o(.ARM.exidx.text.getLEDColorName) refers to ledsw.o(.text.getLEDColorName) for [Anonymous Symbol]
    ledsw.o(.text.setLEDColor) refers to ledsw.o(.bss.colorsChoice) for colorsChoice
    ledsw.o(.text.setLEDColor) refers to ledsw.o(.bss.colorsIdx) for colorsIdx
    ledsw.o(.text.setLEDColor) refers to ledsw.o(.text.getLEDColorPortF) for getLEDColorPortF
    ledsw.o(.text.setLEDColor) refers to ledsw.o(.rodata.str1.1) for .L.str.7
    ledsw.o(.text.setLEDColor) refers to uart0.o(.text.UART0_OutString) for UART0_OutString
    ledsw.o(.text.setLEDColor) refers to ledsw.o(.text.getLEDColorName) for getLEDColorName
    ledsw.o(.ARM.exidx.text.setLEDColor) refers to ledsw.o(.text.setLEDColor) for [Anonymous Symbol]
    ledsw.o(.data.colors) refers to ledsw.o(.rodata.str1.1) for [Anonymous Symbol]
    uart0.o(.ARM.exidx.text.UART0_Init) refers to uart0.o(.text.UART0_Init) for [Anonymous Symbol]
    uart0.o(.ARM.exidx.text.UART0_InChar) refers to uart0.o(.text.UART0_InChar) for [Anonymous Symbol]
    uart0.o(.ARM.exidx.text.UART0_OutChar) refers to uart0.o(.text.UART0_OutChar) for [Anonymous Symbol]
    uart0.o(.text.OutCRLF0) refers to uart0.o(.text.UART0_OutChar) for UART0_OutChar
    uart0.o(.ARM.exidx.text.OutCRLF0) refers to uart0.o(.text.OutCRLF0) for [Anonymous Symbol]
    uart0.o(.text.UART0_OutString) refers to uart0.o(.text.UART0_OutChar) for UART0_OutChar
    uart0.o(.ARM.exidx.text.UART0_OutString) refers to uart0.o(.text.UART0_OutString) for [Anonymous Symbol]
    uart0.o(.text.UART0_InUDec) refers to uart0.o(.text.UART0_InChar) for UART0_InChar
    uart0.o(.text.UART0_InUDec) refers to uart0.o(.text.UART0_OutChar) for UART0_OutChar
    uart0.o(.ARM.exidx.text.UART0_InUDec) refers to uart0.o(.text.UART0_InUDec) for [Anonymous Symbol]
    uart0.o(.text.UART0_OutUDec) refers to uart0.o(.text.UART0_OutChar) for UART0_OutChar
    uart0.o(.ARM.exidx.text.UART0_OutUDec) refers to uart0.o(.text.UART0_OutUDec) for [Anonymous Symbol]
    display.o(.text.Display_Menu) refers to display.o(.rodata.str1.1) for .L.str
    display.o(.text.Display_Menu) refers to uart0.o(.text.UART0_OutString) for UART0_OutString
    display.o(.ARM.exidx.text.Display_Menu) refers to display.o(.text.Display_Menu) for [Anonymous Symbol]
    display.o(.text.Display_Mode1_Menu) refers to display.o(.rodata.str1.1) for .L.str.7
    display.o(.text.Display_Mode1_Menu) refers to uart0.o(.text.UART0_OutString) for UART0_OutString
    display.o(.ARM.exidx.text.Display_Mode1_Menu) refers to display.o(.text.Display_Mode1_Menu) for [Anonymous Symbol]
    systickpwm.o(.ARM.exidx.text.SysTick_Init) refers to systickpwm.o(.text.SysTick_Init) for [Anonymous Symbol]
    systickpwm.o(.text.SysTick_Handler) refers to systickpwm.o(.bss.low) for low
    systickpwm.o(.text.SysTick_Handler) refers to ledsw.o(.text.getLEDColorPortF) for getLEDColorPortF
    systickpwm.o(.text.SysTick_Handler) refers to systickpwm.o(.bss.high) for high
    systickpwm.o(.ARM.exidx.text.SysTick_Handler) refers to systickpwm.o(.text.SysTick_Handler) for [Anonymous Symbol]
    systickpwm.o(.text.Set_LED_Brightness) refers to systickpwm.o(.bss.high) for high
    systickpwm.o(.text.Set_LED_Brightness) refers to systickpwm.o(.bss.low) for low
    systickpwm.o(.ARM.exidx.text.Set_LED_Brightness) refers to systickpwm.o(.text.Set_LED_Brightness) for [Anonymous Symbol]
    timer1a.o(.ARM.exidx.text.Timer1A_Init) refers to timer1a.o(.text.Timer1A_Init) for [Anonymous Symbol]
    timer1a.o(.ARM.exidx.text.Timer1A_start) refers to timer1a.o(.text.Timer1A_start) for [Anonymous Symbol]
    timer1a.o(.ARM.exidx.text.Timer1A_stop) refers to timer1a.o(.text.Timer1A_stop) for [Anonymous Symbol]
    timer1a.o(.text.Timer1A_Wait1us) refers to timer1a.o(.text.Timer1A_stop) for Timer1A_stop
    timer1a.o(.ARM.exidx.text.Timer1A_Wait1us) refers to timer1a.o(.text.Timer1A_Wait1us) for [Anonymous Symbol]
    timer1a.o(.ARM.exidx.text.Timer1A_Get_MC_Elapsed) refers to timer1a.o(.text.Timer1A_Get_MC_Elapsed) for [Anonymous Symbol]
    modes.o(.text.Mode1) refers to display.o(.text.Display_Mode1_Menu) for Display_Mode1_Menu
    modes.o(.text.Mode1) refers to uart0.o(.text.UART0_InChar) for UART0_InChar
    modes.o(.text.Mode1) refers to modes.o(.rodata.str1.1) for .L.str
    modes.o(.text.Mode1) refers to uart0.o(.text.UART0_OutString) for UART0_OutString
    modes.o(.text.Mode1) refers to uart0.o(.text.UART0_OutChar) for UART0_OutChar
    modes.o(.text.Mode1) refers to uart0.o(.text.OutCRLF0) for OutCRLF0
    modes.o(.text.Mode1) refers to tolower.o(.text) for tolower
    modes.o(.text.Mode1) refers to ledsw.o(.text.setLEDColor) for setLEDColor
    modes.o(.text.Mode1) refers to systickpwm.o(.text.Set_LED_Brightness) for Set_LED_Brightness
    modes.o(.text.Mode1) refers to uart0.o(.text.UART0_InUDec) for UART0_InUDec
    modes.o(.text.Mode1) refers to uart0.o(.text.UART0_OutUDec) for UART0_OutUDec
    modes.o(.ARM.exidx.text.Mode1) refers to modes.o(.text.Mode1) for [Anonymous Symbol]
    modes.o(.ARM.exidx.text.Mode2) refers to modes.o(.text.Mode2) for [Anonymous Symbol]
    modes.o(.ARM.exidx.text.Mode3) refers to modes.o(.text.Mode3) for [Anonymous Symbol]
    tolower.o(.text) refers to rt_ctype_table.o(.text) for __rt_ctype_table
    __main.o(!!!main) refers to __rtentry.o(.ARM.Collect$$rtentry$$00000000) for __rt_entry
    __rtentry.o(.ARM.Collect$$rtentry$$00000000) refers (Special) to __rtentry2.o(.ARM.Collect$$rtentry$$0000000A) for __rt_entry_li
    __rtentry.o(.ARM.Collect$$rtentry$$00000000) refers (Special) to __rtentry2.o(.ARM.Collect$$rtentry$$0000000D) for __rt_entry_main
    __rtentry.o(.ARM.Collect$$rtentry$$00000000) refers (Special) to __rtentry2.o(.ARM.Collect$$rtentry$$0000000C) for __rt_entry_postli_1
    __rtentry.o(.ARM.Collect$$rtentry$$00000000) refers (Special) to __rtentry2.o(.ARM.Collect$$rtentry$$00000009) for __rt_entry_postsh_1
    __rtentry.o(.ARM.Collect$$rtentry$$00000000) refers (Special) to __rtentry2.o(.ARM.Collect$$rtentry$$00000002) for __rt_entry_presh_1
    __rtentry.o(.ARM.Collect$$rtentry$$00000000) refers (Special) to __rtentry4.o(.ARM.Collect$$rtentry$$00000004) for __rt_entry_sh
    rt_ctype_table.o(.text) refers to rt_locale_intlibspace.o(.text) for __rt_locale
    rt_ctype_table.o(.text) refers to lc_ctype_c.o(locale$$code) for _get_lc_ctype
    __rtentry2.o(.ARM.Collect$$rtentry$$00000008) refers to boardinit2.o(.text) for _platform_post_stackheap_init
    __rtentry2.o(.ARM.Collect$$rtentry$$0000000A) refers to libinit.o(.ARM.Collect$$libinit$$00000000) for __rt_lib_init
    __rtentry2.o(.ARM.Collect$$rtentry$$0000000B) refers to boardinit3.o(.text) for _platform_post_lib_init
    __rtentry2.o(.ARM.Collect$$rtentry$$0000000D) refers to cecs447project2mcu1-1.o(.text.main) for main
    __rtentry2.o(.ARM.Collect$$rtentry$$0000000D) refers to exit.o(.text) for exit
    __rtentry2.o(.ARM.exidx) refers to __rtentry2.o(.ARM.Collect$$rtentry$$00000001) for .ARM.Collect$$rtentry$$00000001
    __rtentry2.o(.ARM.exidx) refers to __rtentry2.o(.ARM.Collect$$rtentry$$00000008) for .ARM.Collect$$rtentry$$00000008
    __rtentry2.o(.ARM.exidx) refers to __rtentry2.o(.ARM.Collect$$rtentry$$0000000A) for .ARM.Collect$$rtentry$$0000000A
    __rtentry2.o(.ARM.exidx) refers to __rtentry2.o(.ARM.Collect$$rtentry$$0000000B) for .ARM.Collect$$rtentry$$0000000B
    __rtentry2.o(.ARM.exidx) refers to __rtentry2.o(.ARM.Collect$$rtentry$$0000000D) for .ARM.Collect$$rtentry$$0000000D
    __rtentry4.o(.ARM.Collect$$rtentry$$00000004) refers to sys_stackheap_outer.o(.text) for __user_setup_stackheap
    __rtentry4.o(.ARM.exidx) refers to __rtentry4.o(.ARM.Collect$$rtentry$$00000004) for .ARM.Collect$$rtentry$$00000004
    rt_locale.o(.text) refers to rt_locale.o(.bss) for __rt_locale_data
    rt_locale_intlibspace.o(.text) refers to libspace.o(.bss) for __libspace_start
    lc_ctype_c.o(locale$$data) refers (Special) to libinit2.o(.ARM.Collect$$libinit$$00000014) for __rt_lib_init_lc_ctype_2
    lc_ctype_c.o(locale$$code) refers (Special) to libinit2.o(.ARM.Collect$$libinit$$00000014) for __rt_lib_init_lc_ctype_2
    lc_ctype_c.o(locale$$code) refers to strcmpv7em.o(.text) for strcmp
    lc_ctype_c.o(locale$$code) refers to lc_ctype_c.o(locale$$data) for __lcctype_c_name
    libspace.o(.text) refers to libspace.o(.bss) for __libspace_start
    sys_stackheap_outer.o(.text) refers to libspace.o(.text) for __user_perproc_libspace
    sys_stackheap_outer.o(.text) refers to startup.o(.text) for __user_initial_stackheap
    exit.o(.text) refers to rtexit.o(.ARM.Collect$$rtexit$$00000000) for __rt_exit
    libinit.o(.ARM.Collect$$libinit$$00000000) refers (Special) to libinit2.o(.ARM.Collect$$libinit$$00000030) for __rt_lib_init_alloca_1
    libinit.o(.ARM.Collect$$libinit$$00000000) refers (Special) to libinit2.o(.ARM.Collect$$libinit$$0000002E) for __rt_lib_init_argv_1
    libinit.o(.ARM.Collect$$libinit$$00000000) refers (Special) to libinit2.o(.ARM.Collect$$libinit$$0000001D) for __rt_lib_init_atexit_1
    libinit.o(.ARM.Collect$$libinit$$00000000) refers (Special) to libinit2.o(.ARM.Collect$$libinit$$00000023) for __rt_lib_init_clock_1
    libinit.o(.ARM.Collect$$libinit$$00000000) refers (Special) to libinit2.o(.ARM.Collect$$libinit$$00000034) for __rt_lib_init_cpp_1
    libinit.o(.ARM.Collect$$libinit$$00000000) refers (Special) to libinit2.o(.ARM.Collect$$libinit$$00000032) for __rt_lib_init_exceptions_1
    libinit.o(.ARM.Collect$$libinit$$00000000) refers (Special) to libinit2.o(.ARM.Collect$$libinit$$00000002) for __rt_lib_init_fp_1
    libinit.o(.ARM.Collect$$libinit$$00000000) refers (Special) to libinit2.o(.ARM.Collect$$libinit$$00000021) for __rt_lib_init_fp_trap_1
    libinit.o(.ARM.Collect$$libinit$$00000000) refers (Special) to libinit2.o(.ARM.Collect$$libinit$$00000025) for __rt_lib_init_getenv_1
    libinit.o(.ARM.Collect$$libinit$$00000000) refers (Special) to libinit2.o(.ARM.Collect$$libinit$$0000000C) for __rt_lib_init_heap_1
    libinit.o(.ARM.Collect$$libinit$$00000000) refers (Special) to libinit2.o(.ARM.Collect$$libinit$$00000013) for __rt_lib_init_lc_collate_1
    libinit.o(.ARM.Collect$$libinit$$00000000) refers (Special) to libinit2.o(.ARM.Collect$$libinit$$00000015) for __rt_lib_init_lc_ctype_1
    libinit.o(.ARM.Collect$$libinit$$00000000) refers (Special) to libinit2.o(.ARM.Collect$$libinit$$00000017) for __rt_lib_init_lc_monetary_1
    libinit.o(.ARM.Collect$$libinit$$00000000) refers (Special) to libinit2.o(.ARM.Collect$$libinit$$00000019) for __rt_lib_init_lc_numeric_1
    libinit.o(.ARM.Collect$$libinit$$00000000) refers (Special) to libinit2.o(.ARM.Collect$$libinit$$0000001B) for __rt_lib_init_lc_time_1
    libinit.o(.ARM.Collect$$libinit$$00000000) refers (Special) to libinit2.o(.ARM.Collect$$libinit$$00000006) for __rt_lib_init_preinit_1
    libinit.o(.ARM.Collect$$libinit$$00000000) refers (Special) to libinit2.o(.ARM.Collect$$libinit$$00000010) for __rt_lib_init_rand_1
    libinit.o(.ARM.Collect$$libinit$$00000000) refers (Special) to libinit2.o(.ARM.Collect$$libinit$$00000004) for __rt_lib_init_relocate_pie_1
    libinit.o(.ARM.Collect$$libinit$$00000000) refers (Special) to libinit2.o(.ARM.Collect$$libinit$$00000035) for __rt_lib_init_return
    libinit.o(.ARM.Collect$$libinit$$00000000) refers (Special) to libinit2.o(.ARM.Collect$$libinit$$0000001F) for __rt_lib_init_signal_1
    libinit.o(.ARM.Collect$$libinit$$00000000) refers (Special) to libinit2.o(.ARM.Collect$$libinit$$00000027) for __rt_lib_init_stdio_1
    libinit.o(.ARM.Collect$$libinit$$00000000) refers (Special) to libinit2.o(.ARM.Collect$$libinit$$0000000E) for __rt_lib_init_user_alloc_1
    libinit2.o(.ARM.Collect$$libinit$$00000011) refers (Weak) to rt_locale_intlibspace.o(.text) for __rt_locale
    libinit2.o(.ARM.Collect$$libinit$$00000012) refers to libinit2.o(.ARM.Collect$$libinit$$00000011) for .ARM.Collect$$libinit$$00000011
    libinit2.o(.ARM.Collect$$libinit$$00000014) refers to libinit2.o(.ARM.Collect$$libinit$$00000011) for .ARM.Collect$$libinit$$00000011
    libinit2.o(.ARM.Collect$$libinit$$00000014) refers (Weak) to lc_ctype_c.o(locale$$code) for _get_lc_ctype
    libinit2.o(.ARM.Collect$$libinit$$00000016) refers to libinit2.o(.ARM.Collect$$libinit$$00000011) for .ARM.Collect$$libinit$$00000011
    libinit2.o(.ARM.Collect$$libinit$$00000018) refers to libinit2.o(.ARM.Collect$$libinit$$00000011) for .ARM.Collect$$libinit$$00000011
    libinit2.o(.ARM.Collect$$libinit$$0000001A) refers to libinit2.o(.ARM.Collect$$libinit$$00000011) for .ARM.Collect$$libinit$$00000011
    libinit2.o(.ARM.Collect$$libinit$$00000028) refers to argv_veneer.o(.emb_text) for __ARM_argv_veneer
    libinit2.o(.ARM.Collect$$libinit$$00000029) refers to argv_veneer.o(.emb_text) for __ARM_argv_veneer
    rtexit.o(.ARM.Collect$$rtexit$$00000000) refers (Special) to rtexit2.o(.ARM.Collect$$rtexit$$00000004) for __rt_exit_exit
    rtexit.o(.ARM.Collect$$rtexit$$00000000) refers (Special) to rtexit2.o(.ARM.Collect$$rtexit$$00000003) for __rt_exit_ls
    rtexit.o(.ARM.Collect$$rtexit$$00000000) refers (Special) to rtexit2.o(.ARM.Collect$$rtexit$$00000002) for __rt_exit_prels_1
    rtexit.o(.ARM.exidx) refers (Special) to rtexit2.o(.ARM.Collect$$rtexit$$00000004) for __rt_exit_exit
    rtexit.o(.ARM.exidx) refers (Special) to rtexit2.o(.ARM.Collect$$rtexit$$00000003) for __rt_exit_ls
    rtexit.o(.ARM.exidx) refers (Special) to rtexit2.o(.ARM.Collect$$rtexit$$00000002) for __rt_exit_prels_1
    rtexit.o(.ARM.exidx) refers to rtexit.o(.ARM.Collect$$rtexit$$00000000) for .ARM.Collect$$rtexit$$00000000
    argv_veneer.o(.emb_text) refers to no_argv.o(.text) for __ARM_get_argv
    rtexit2.o(.ARM.Collect$$rtexit$$00000003) refers to libshutdown.o(.ARM.Collect$$libshutdown$$00000000) for __rt_lib_shutdown
    rtexit2.o(.ARM.Collect$$rtexit$$00000004) refers to sys_exit.o(.text) for _sys_exit
    rtexit2.o(.ARM.exidx) refers to rtexit2.o(.ARM.Collect$$rtexit$$00000001) for .ARM.Collect$$rtexit$$00000001
    rtexit2.o(.ARM.exidx) refers to rtexit2.o(.ARM.Collect$$rtexit$$00000003) for .ARM.Collect$$rtexit$$00000003
    rtexit2.o(.ARM.exidx) refers to rtexit2.o(.ARM.Collect$$rtexit$$00000004) for .ARM.Collect$$rtexit$$00000004
    _get_argv_nomalloc.o(.text) refers (Special) to hrguard.o(.text) for __heap_region$guard
    _get_argv_nomalloc.o(.text) refers to defsig_rtmem_outer.o(.text) for __rt_SIGRTMEM
    _get_argv_nomalloc.o(.text) refers to sys_command.o(.text) for _sys_command_string
    sys_command.o(.text) refers (Special) to use_no_semi.o(.text) for __I$use$semihosting
    sys_command.o(.text) refers (Special) to indicate_semi.o(.text) for __semihosting_library_function
    sys_exit.o(.text) refers (Special) to use_no_semi.o(.text) for __I$use$semihosting
    sys_exit.o(.text) refers (Special) to indicate_semi.o(.text) for __semihosting_library_function
    sys_command_hlt.o(.text) refers (Special) to use_no_semi.o(.text) for __I$use$semihosting
    sys_command_hlt.o(.text) refers (Special) to indicate_semi.o(.text) for __semihosting_library_function
    sys_exit_hlt.o(.text) refers (Special) to use_no_semi.o(.text) for __I$use$semihosting
    sys_exit_hlt.o(.text) refers (Special) to indicate_semi.o(.text) for __semihosting_library_function
    defsig_rtmem_outer.o(.text) refers to defsig_rtmem_inner.o(.text) for __rt_SIGRTMEM_inner
    defsig_rtmem_outer.o(.text) refers to defsig_exit.o(.text) for __sig_exit
    defsig_rtmem_formal.o(.text) refers to rt_raise.o(.text) for __rt_raise
    libshutdown.o(.ARM.Collect$$libshutdown$$00000000) refers (Special) to libshutdown2.o(.ARM.Collect$$libshutdown$$00000002) for __rt_lib_shutdown_cpp_1
    libshutdown.o(.ARM.Collect$$libshutdown$$00000000) refers (Special) to libshutdown2.o(.ARM.Collect$$libshutdown$$00000007) for __rt_lib_shutdown_fp_trap_1
    libshutdown.o(.ARM.Collect$$libshutdown$$00000000) refers (Special) to libshutdown2.o(.ARM.Collect$$libshutdown$$0000000F) for __rt_lib_shutdown_heap_1
    libshutdown.o(.ARM.Collect$$libshutdown$$00000000) refers (Special) to libshutdown2.o(.ARM.Collect$$libshutdown$$00000010) for __rt_lib_shutdown_return
    libshutdown.o(.ARM.Collect$$libshutdown$$00000000) refers (Special) to libshutdown2.o(.ARM.Collect$$libshutdown$$0000000A) for __rt_lib_shutdown_signal_1
    libshutdown.o(.ARM.Collect$$libshutdown$$00000000) refers (Special) to libshutdown2.o(.ARM.Collect$$libshutdown$$00000004) for __rt_lib_shutdown_stdio_1
    libshutdown.o(.ARM.Collect$$libshutdown$$00000000) refers (Special) to libshutdown2.o(.ARM.Collect$$libshutdown$$0000000C) for __rt_lib_shutdown_user_alloc_1
    rt_raise.o(.text) refers to __raise.o(.text) for __raise
    rt_raise.o(.text) refers to sys_exit.o(.text) for _sys_exit
    defsig_exit.o(.text) refers to sys_exit.o(.text) for _sys_exit
    defsig_rtmem_inner.o(.text) refers to defsig_general.o(.text) for __default_signal_display
    __raise.o(.text) refers to defsig.o(CL$$defsig) for __default_signal_handler
    defsig_general.o(.text) refers to sys_wrch.o(.text) for _ttywrch
    sys_wrch.o(.text) refers (Special) to use_no_semi.o(.text) for __I$use$semihosting
    sys_wrch.o(.text) refers (Special) to indicate_semi.o(.text) for __semihosting_library_function
    sys_wrch_hlt.o(.text) refers (Special) to use_no_semi.o(.text) for __I$use$semihosting
    sys_wrch_hlt.o(.text) refers (Special) to indicate_semi.o(.text) for __semihosting_library_function
    defsig.o(CL$$defsig) refers to defsig_rtmem_inner.o(.text) for __rt_SIGRTMEM_inner
    defsig_abrt_inner.o(.text) refers to defsig_general.o(.text) for __default_signal_display
    defsig_fpe_inner.o(.text) refers to defsig_general.o(.text) for __default_signal_display
    defsig_rtred_inner.o(.text) refers to defsig_general.o(.text) for __default_signal_display
    defsig_stak_inner.o(.text) refers to defsig_general.o(.text) for __default_signal_display
    defsig_pvfn_inner.o(.text) refers to defsig_general.o(.text) for __default_signal_display
    defsig_cppl_inner.o(.text) refers to defsig_general.o(.text) for __default_signal_display
    defsig_segv_inner.o(.text) refers to defsig_general.o(.text) for __default_signal_display
    defsig_other.o(.text) refers to defsig_general.o(.text) for __default_signal_display


==============================================================================

Removing Unused input sections from the image.

    Removing pll.o(.text), (0 bytes).
    Removing pll.o(.ARM.exidx.text.PLL_Init), (8 bytes).
    Removing uart.o(.text), (0 bytes).
    Removing uart.o(.text.UART_Init), (282 bytes).
    Removing uart.o(.ARM.exidx.text.UART_Init), (8 bytes).
    Removing uart.o(.text.OutCRLF), (16 bytes).
    Removing uart.o(.ARM.exidx.text.OutCRLF), (8 bytes).
    Removing uart.o(.text.UART_OutChar), (46 bytes).
    Removing uart.o(.ARM.exidx.text.UART_OutChar), (8 bytes).
    Removing uart.o(.text.UART_InChar), (36 bytes).
    Removing uart.o(.ARM.exidx.text.UART_InChar), (8 bytes).
    Removing uart.o(.text.UART_OutString), (36 bytes).
    Removing uart.o(.ARM.exidx.text.UART_OutString), (8 bytes).
    Removing uart.o(.text.UART_InUDec), (152 bytes).
    Removing uart.o(.ARM.exidx.text.UART_InUDec), (8 bytes).
    Removing uart.o(.text.UART_OutUDec), (72 bytes).
    Removing uart.o(.ARM.exidx.text.UART_OutUDec), (8 bytes).
    Removing uart.o(.text.UART_InUHex), (218 bytes).
    Removing uart.o(.ARM.exidx.text.UART_InUHex), (8 bytes).
    Removing uart.o(.text.UART_OutUHex), (72 bytes).
    Removing uart.o(.ARM.exidx.text.UART_OutUHex), (8 bytes).
    Removing uart.o(.text.UART_InString), (136 bytes).
    Removing uart.o(.ARM.exidx.text.UART_InString), (8 bytes).
    Removing cecs447project2mcu1-1.o(.text), (0 bytes).
    Removing cecs447project2mcu1-1.o(.ARM.exidx.text.main), (8 bytes).
    Removing cecs447project2mcu1-1.o(.ARM.use_no_argv), (4 bytes).
    Removing ledsw.o(.text), (0 bytes).
    Removing ledsw.o(.ARM.exidx.text.Colors_Init), (8 bytes).
    Removing ledsw.o(.ARM.exidx.text.LEDSW_Init), (8 bytes).
    Removing ledsw.o(.ARM.exidx.text.getLEDColorPortF), (8 bytes).
    Removing ledsw.o(.text.getLEDColorIdx), (12 bytes).
    Removing ledsw.o(.ARM.exidx.text.getLEDColorIdx), (8 bytes).
    Removing ledsw.o(.ARM.exidx.text.getLEDColorName), (8 bytes).
    Removing ledsw.o(.ARM.exidx.text.setLEDColor), (8 bytes).
    Removing uart0.o(.text), (0 bytes).
    Removing uart0.o(.ARM.exidx.text.UART0_Init), (8 bytes).
    Removing uart0.o(.ARM.exidx.text.UART0_InChar), (8 bytes).
    Removing uart0.o(.ARM.exidx.text.UART0_OutChar), (8 bytes).
    Removing uart0.o(.ARM.exidx.text.OutCRLF0), (8 bytes).
    Removing uart0.o(.ARM.exidx.text.UART0_OutString), (8 bytes).
    Removing uart0.o(.ARM.exidx.text.UART0_InUDec), (8 bytes).
    Removing uart0.o(.ARM.exidx.text.UART0_OutUDec), (8 bytes).
    Removing display.o(.text), (0 bytes).
    Removing display.o(.ARM.exidx.text.Display_Menu), (8 bytes).
    Removing display.o(.ARM.exidx.text.Display_Mode1_Menu), (8 bytes).
    Removing systickpwm.o(.text), (0 bytes).
    Removing systickpwm.o(.ARM.exidx.text.SysTick_Init), (8 bytes).
    Removing systickpwm.o(.ARM.exidx.text.SysTick_Handler), (8 bytes).
    Removing systickpwm.o(.ARM.exidx.text.Set_LED_Brightness), (8 bytes).
    Removing systickpwm.o(.bss.brightness), (4 bytes).
    Removing timer1a.o(.text), (0 bytes).
    Removing timer1a.o(.text.Timer1A_Init), (62 bytes).
    Removing timer1a.o(.ARM.exidx.text.Timer1A_Init), (8 bytes).
    Removing timer1a.o(.text.Timer1A_start), (28 bytes).
    Removing timer1a.o(.ARM.exidx.text.Timer1A_start), (8 bytes).
    Removing timer1a.o(.text.Timer1A_stop), (18 bytes).
    Removing timer1a.o(.ARM.exidx.text.Timer1A_stop), (8 bytes).
    Removing timer1a.o(.text.Timer1A_Wait1us), (68 bytes).
    Removing timer1a.o(.ARM.exidx.text.Timer1A_Wait1us), (8 bytes).
    Removing timer1a.o(.text.Timer1A_Get_MC_Elapsed), (24 bytes).
    Removing timer1a.o(.ARM.exidx.text.Timer1A_Get_MC_Elapsed), (8 bytes).
    Removing timer1a.o(.bss.PeriodicTask1), (4 bytes).
    Removing modes.o(.text), (0 bytes).
    Removing modes.o(.ARM.exidx.text.Mode1), (8 bytes).
    Removing modes.o(.ARM.exidx.text.Mode2), (8 bytes).
    Removing modes.o(.ARM.exidx.text.Mode3), (8 bytes).

66 unused section(s) (total 1594 bytes) removed from the image.

==============================================================================

Image Symbol Table

    Local Symbols

    Symbol Name                              Value     Ov Type        Size  Object(Section)

    ../clib/angel/boardlib.s                 0x00000000   Number         0  boardinit1.o ABSOLUTE
    ../clib/angel/boardlib.s                 0x00000000   Number         0  boardinit2.o ABSOLUTE
    ../clib/angel/boardlib.s                 0x00000000   Number         0  boardinit3.o ABSOLUTE
    ../clib/angel/boardlib.s                 0x00000000   Number         0  boardshut.o ABSOLUTE
    ../clib/angel/handlers.s                 0x00000000   Number         0  __scatter_copy.o ABSOLUTE
    ../clib/angel/handlers.s                 0x00000000   Number         0  __scatter_zi.o ABSOLUTE
    ../clib/angel/kernel.s                   0x00000000   Number         0  __rtentry.o ABSOLUTE
    ../clib/angel/kernel.s                   0x00000000   Number         0  __rtentry2.o ABSOLUTE
    ../clib/angel/kernel.s                   0x00000000   Number         0  __rtentry4.o ABSOLUTE
    ../clib/angel/kernel.s                   0x00000000   Number         0  rtexit.o ABSOLUTE
    ../clib/angel/kernel.s                   0x00000000   Number         0  rtexit2.o ABSOLUTE
    ../clib/angel/rt.s                       0x00000000   Number         0  rt_ctype_table.o ABSOLUTE
    ../clib/angel/rt.s                       0x00000000   Number         0  rt_locale.o ABSOLUTE
    ../clib/angel/rt.s                       0x00000000   Number         0  rt_locale_intlibspace.o ABSOLUTE
    ../clib/angel/rt.s                       0x00000000   Number         0  rt_raise.o ABSOLUTE
    ../clib/angel/scatter.s                  0x00000000   Number         0  __scatter.o ABSOLUTE
    ../clib/angel/startup.s                  0x00000000   Number         0  __main.o ABSOLUTE
    ../clib/angel/sys.s                      0x00000000   Number         0  libspace.o ABSOLUTE
    ../clib/angel/sys.s                      0x00000000   Number         0  sys_stackheap_outer.o ABSOLUTE
    ../clib/angel/sys.s                      0x00000000   Number         0  use_no_semi.o ABSOLUTE
    ../clib/angel/sys.s                      0x00000000   Number         0  indicate_semi.o ABSOLUTE
    ../clib/angel/sysapp.c                   0x00000000   Number         0  sys_command.o ABSOLUTE
    ../clib/angel/sysapp.c                   0x00000000   Number         0  sys_exit.o ABSOLUTE
    ../clib/angel/sysapp.c                   0x00000000   Number         0  sys_command_hlt.o ABSOLUTE
    ../clib/angel/sysapp.c                   0x00000000   Number         0  sys_exit_hlt.o ABSOLUTE
    ../clib/angel/sysapp.c                   0x00000000   Number         0  sys_wrch.o ABSOLUTE
    ../clib/angel/sysapp.c                   0x00000000   Number         0  sys_wrch_hlt.o ABSOLUTE
    ../clib/armsys.c                         0x00000000   Number         0  argv_veneer.o ABSOLUTE
    ../clib/armsys.c                         0x00000000   Number         0  argv_veneer.o ABSOLUTE
    ../clib/armsys.c                         0x00000000   Number         0  _get_argv_nomalloc.o ABSOLUTE
    ../clib/armsys.c                         0x00000000   Number         0  no_argv.o ABSOLUTE
    ../clib/ctype.c                          0x00000000   Number         0  tolower.o ABSOLUTE
    ../clib/heapalloc.c                      0x00000000   Number         0  hrguard.o ABSOLUTE
    ../clib/heapaux.c                        0x00000000   Number         0  heapauxi.o ABSOLUTE
    ../clib/libinit.s                        0x00000000   Number         0  libinit.o ABSOLUTE
    ../clib/libinit.s                        0x00000000   Number         0  libinit2.o ABSOLUTE
    ../clib/libinit.s                        0x00000000   Number         0  libshutdown.o ABSOLUTE
    ../clib/libinit.s                        0x00000000   Number         0  libshutdown2.o ABSOLUTE
    ../clib/locale.s                         0x00000000   Number         0  lc_ctype_c.o ABSOLUTE
    ../clib/memcpset.s                       0x00000000   Number         0  strcmpv7em.o ABSOLUTE
    ../clib/signal.c                         0x00000000   Number         0  defsig_rtmem_outer.o ABSOLUTE
    ../clib/signal.c                         0x00000000   Number         0  defsig_rtmem_formal.o ABSOLUTE
    ../clib/signal.c                         0x00000000   Number         0  defsig_exit.o ABSOLUTE
    ../clib/signal.c                         0x00000000   Number         0  defsig_rtmem_inner.o ABSOLUTE
    ../clib/signal.c                         0x00000000   Number         0  __raise.o ABSOLUTE
    ../clib/signal.c                         0x00000000   Number         0  defsig_general.o ABSOLUTE
    ../clib/signal.c                         0x00000000   Number         0  defsig_abrt_inner.o ABSOLUTE
    ../clib/signal.c                         0x00000000   Number         0  defsig_fpe_inner.o ABSOLUTE
    ../clib/signal.c                         0x00000000   Number         0  defsig_rtred_inner.o ABSOLUTE
    ../clib/signal.c                         0x00000000   Number         0  defsig_stak_inner.o ABSOLUTE
    ../clib/signal.c                         0x00000000   Number         0  defsig_pvfn_inner.o ABSOLUTE
    ../clib/signal.c                         0x00000000   Number         0  defsig_cppl_inner.o ABSOLUTE
    ../clib/signal.c                         0x00000000   Number         0  defsig_segv_inner.o ABSOLUTE
    ../clib/signal.c                         0x00000000   Number         0  defsig_other.o ABSOLUTE
    ../clib/signal.s                         0x00000000   Number         0  defsig.o ABSOLUTE
    ../clib/stdlib.c                         0x00000000   Number         0  exit.o ABSOLUTE
    ../fplib/fpinit.s                        0x00000000   Number         0  fpinit.o ABSOLUTE
    ../fplib/fpinit_empty.s                  0x00000000   Number         0  fpinit_empty.o ABSOLUTE
    CECS447Project2MCU1-1.c                  0x00000000   Number         0  cecs447project2mcu1-1.o ABSOLUTE
    Display.c                                0x00000000   Number         0  display.o ABSOLUTE
    LEDSW.c                                  0x00000000   Number         0  ledsw.o ABSOLUTE
    Modes.c                                  0x00000000   Number         0  modes.o ABSOLUTE
    PLL.c                                    0x00000000   Number         0  pll.o ABSOLUTE
    SystickPWM.c                             0x00000000   Number         0  systickpwm.o ABSOLUTE
    Timer1A.c                                0x00000000   Number         0  timer1a.o ABSOLUTE
    UART.c                                   0x00000000   Number         0  uart.o ABSOLUTE
    UART0.c                                  0x00000000   Number         0  uart0.o ABSOLUTE
    dc.s                                     0x00000000   Number         0  dc.o ABSOLUTE
    startup.s                                0x00000000   Number         0  startup.o ABSOLUTE
    RESET                                    0x00000000   Section      644  startup.o(RESET)
    !!!main                                  0x00000284   Section        8  __main.o(!!!main)
    !!!scatter                               0x0000028c   Section       52  __scatter.o(!!!scatter)
    !!handler_copy                           0x000002c0   Section       26  __scatter_copy.o(!!handler_copy)
    !!handler_zi                             0x000002dc   Section       28  __scatter_zi.o(!!handler_zi)
    .ARM.Collect$$libinit$$00000000          0x000002f8   Section        2  libinit.o(.ARM.Collect$$libinit$$00000000)
    .ARM.Collect$$libinit$$00000002          0x000002fa   Section        0  libinit2.o(.ARM.Collect$$libinit$$00000002)
    .ARM.Collect$$libinit$$00000004          0x000002fa   Section        0  libinit2.o(.ARM.Collect$$libinit$$00000004)
    .ARM.Collect$$libinit$$00000006          0x000002fa   Section        0  libinit2.o(.ARM.Collect$$libinit$$00000006)
    .ARM.Collect$$libinit$$0000000C          0x000002fa   Section        0  libinit2.o(.ARM.Collect$$libinit$$0000000C)
    .ARM.Collect$$libinit$$0000000E          0x000002fa   Section        0  libinit2.o(.ARM.Collect$$libinit$$0000000E)
    .ARM.Collect$$libinit$$00000010          0x000002fa   Section        0  libinit2.o(.ARM.Collect$$libinit$$00000010)
    .ARM.Collect$$libinit$$00000011          0x000002fa   Section        6  libinit2.o(.ARM.Collect$$libinit$$00000011)
    .ARM.Collect$$libinit$$00000013          0x00000300   Section        0  libinit2.o(.ARM.Collect$$libinit$$00000013)
    .ARM.Collect$$libinit$$00000014          0x00000300   Section       12  libinit2.o(.ARM.Collect$$libinit$$00000014)
    .ARM.Collect$$libinit$$00000015          0x0000030c   Section        0  libinit2.o(.ARM.Collect$$libinit$$00000015)
    .ARM.Collect$$libinit$$00000017          0x0000030c   Section        0  libinit2.o(.ARM.Collect$$libinit$$00000017)
    .ARM.Collect$$libinit$$00000019          0x0000030c   Section        0  libinit2.o(.ARM.Collect$$libinit$$00000019)
    .ARM.Collect$$libinit$$0000001B          0x0000030c   Section        0  libinit2.o(.ARM.Collect$$libinit$$0000001B)
    .ARM.Collect$$libinit$$0000001D          0x0000030c   Section        0  libinit2.o(.ARM.Collect$$libinit$$0000001D)
    .ARM.Collect$$libinit$$0000001F          0x0000030c   Section        0  libinit2.o(.ARM.Collect$$libinit$$0000001F)
    .ARM.Collect$$libinit$$00000021          0x0000030c   Section        0  libinit2.o(.ARM.Collect$$libinit$$00000021)
    .ARM.Collect$$libinit$$00000023          0x0000030c   Section        0  libinit2.o(.ARM.Collect$$libinit$$00000023)
    .ARM.Collect$$libinit$$00000025          0x0000030c   Section        0  libinit2.o(.ARM.Collect$$libinit$$00000025)
    .ARM.Collect$$libinit$$00000027          0x0000030c   Section        0  libinit2.o(.ARM.Collect$$libinit$$00000027)
    .ARM.Collect$$libinit$$0000002E          0x0000030c   Section        0  libinit2.o(.ARM.Collect$$libinit$$0000002E)
    .ARM.Collect$$libinit$$00000030          0x0000030c   Section        0  libinit2.o(.ARM.Collect$$libinit$$00000030)
    .ARM.Collect$$libinit$$00000032          0x0000030c   Section        0  libinit2.o(.ARM.Collect$$libinit$$00000032)
    .ARM.Collect$$libinit$$00000034          0x0000030c   Section        0  libinit2.o(.ARM.Collect$$libinit$$00000034)
    .ARM.Collect$$libinit$$00000035          0x0000030c   Section        2  libinit2.o(.ARM.Collect$$libinit$$00000035)
    .ARM.Collect$$libshutdown$$00000000      0x0000030e   Section        2  libshutdown.o(.ARM.Collect$$libshutdown$$00000000)
    .ARM.Collect$$libshutdown$$00000002      0x00000310   Section        0  libshutdown2.o(.ARM.Collect$$libshutdown$$00000002)
    .ARM.Collect$$libshutdown$$00000004      0x00000310   Section        0  libshutdown2.o(.ARM.Collect$$libshutdown$$00000004)
    .ARM.Collect$$libshutdown$$00000007      0x00000310   Section        0  libshutdown2.o(.ARM.Collect$$libshutdown$$00000007)
    .ARM.Collect$$libshutdown$$0000000A      0x00000310   Section        0  libshutdown2.o(.ARM.Collect$$libshutdown$$0000000A)
    .ARM.Collect$$libshutdown$$0000000C      0x00000310   Section        0  libshutdown2.o(.ARM.Collect$$libshutdown$$0000000C)
    .ARM.Collect$$libshutdown$$0000000F      0x00000310   Section        0  libshutdown2.o(.ARM.Collect$$libshutdown$$0000000F)
    .ARM.Collect$$libshutdown$$00000010      0x00000310   Section        2  libshutdown2.o(.ARM.Collect$$libshutdown$$00000010)
    .ARM.Collect$$rtentry$$00000000          0x00000312   Section        0  __rtentry.o(.ARM.Collect$$rtentry$$00000000)
    .ARM.Collect$$rtentry$$00000002          0x00000312   Section        0  __rtentry2.o(.ARM.Collect$$rtentry$$00000002)
    .ARM.Collect$$rtentry$$00000004          0x00000312   Section        6  __rtentry4.o(.ARM.Collect$$rtentry$$00000004)
    .ARM.Collect$$rtentry$$00000009          0x00000318   Section        0  __rtentry2.o(.ARM.Collect$$rtentry$$00000009)
    .ARM.Collect$$rtentry$$0000000A          0x00000318   Section        4  __rtentry2.o(.ARM.Collect$$rtentry$$0000000A)
    .ARM.Collect$$rtentry$$0000000C          0x0000031c   Section        0  __rtentry2.o(.ARM.Collect$$rtentry$$0000000C)
    .ARM.Collect$$rtentry$$0000000D          0x0000031c   Section        8  __rtentry2.o(.ARM.Collect$$rtentry$$0000000D)
    .ARM.Collect$$rtexit$$00000000           0x00000324   Section        2  rtexit.o(.ARM.Collect$$rtexit$$00000000)
    .ARM.Collect$$rtexit$$00000002           0x00000326   Section        0  rtexit2.o(.ARM.Collect$$rtexit$$00000002)
    .ARM.Collect$$rtexit$$00000003           0x00000326   Section        4  rtexit2.o(.ARM.Collect$$rtexit$$00000003)
    .ARM.Collect$$rtexit$$00000004           0x0000032a   Section        6  rtexit2.o(.ARM.Collect$$rtexit$$00000004)
    .text                                    0x00000330   Section       48  startup.o(.text)
    .text                                    0x00000360   Section        0  tolower.o(.text)
    .text                                    0x0000037a   Section        0  heapauxi.o(.text)
    .text                                    0x00000380   Section       16  rt_ctype_table.o(.text)
    .text                                    0x00000390   Section        8  rt_locale_intlibspace.o(.text)
    .text                                    0x00000398   Section        8  libspace.o(.text)
    .text                                    0x000003a0   Section       74  sys_stackheap_outer.o(.text)
    .text                                    0x000003ea   Section        0  exit.o(.text)
    .text                                    0x00000400   Section      124  strcmpv7em.o(.text)
    .text                                    0x0000047c   Section        0  sys_exit.o(.text)
    .text                                    0x00000488   Section        2  use_no_semi.o(.text)
    .text                                    0x0000048a   Section        0  indicate_semi.o(.text)
    [Anonymous Symbol]                       0x0000048c   Section        0  ledsw.o(.text.Colors_Init)
    [Anonymous Symbol]                       0x00000500   Section        0  display.o(.text.Display_Menu)
    [Anonymous Symbol]                       0x00000558   Section        0  display.o(.text.Display_Mode1_Menu)
    [Anonymous Symbol]                       0x00000598   Section        0  ledsw.o(.text.LEDSW_Init)
    [Anonymous Symbol]                       0x00000704   Section        0  modes.o(.text.Mode1)
    [Anonymous Symbol]                       0x000007c4   Section        0  modes.o(.text.Mode2)
    [Anonymous Symbol]                       0x000007c8   Section        0  modes.o(.text.Mode3)
    [Anonymous Symbol]                       0x000007cc   Section        0  uart0.o(.text.OutCRLF0)
    [Anonymous Symbol]                       0x000007dc   Section        0  pll.o(.text.PLL_Init)
    [Anonymous Symbol]                       0x00000860   Section        0  systickpwm.o(.text.Set_LED_Brightness)
    [Anonymous Symbol]                       0x00000898   Section        0  systickpwm.o(.text.SysTick_Handler)
    [Anonymous Symbol]                       0x00000920   Section        0  systickpwm.o(.text.SysTick_Init)
    [Anonymous Symbol]                       0x00000960   Section        0  uart0.o(.text.UART0_InChar)
    [Anonymous Symbol]                       0x00000984   Section        0  uart0.o(.text.UART0_InUDec)
    [Anonymous Symbol]                       0x00000a1c   Section        0  uart0.o(.text.UART0_Init)
    [Anonymous Symbol]                       0x00000abc   Section        0  uart0.o(.text.UART0_OutChar)
    [Anonymous Symbol]                       0x00000aec   Section        0  uart0.o(.text.UART0_OutString)
    [Anonymous Symbol]                       0x00000b10   Section        0  uart0.o(.text.UART0_OutUDec)
    [Anonymous Symbol]                       0x00000b58   Section        0  ledsw.o(.text.getLEDColorName)
    [Anonymous Symbol]                       0x00000b74   Section        0  ledsw.o(.text.getLEDColorPortF)
    [Anonymous Symbol]                       0x00000b8c   Section        0  cecs447project2mcu1-1.o(.text.main)
    [Anonymous Symbol]                       0x00000bec   Section        0  ledsw.o(.text.setLEDColor)
    locale$$code                             0x00000c74   Section       44  lc_ctype_c.o(locale$$code)
    .L.str.9                                 0x00000ca0   Data          24  ledsw.o(.rodata.str1.1)
    [Anonymous Symbol]                       0x00000ca0   Section        0  ledsw.o(.rodata.str1.1)
    .L.str.8                                 0x00000cb6   Data           2  ledsw.o(.rodata.str1.1)
    .L.str.7                                 0x00000cb8   Data           9  ledsw.o(.rodata.str1.1)
    .L.str.1                                 0x00000ce6   Data           8  display.o(.rodata.str1.1)
    [Anonymous Symbol]                       0x00000ce6   Section        0  display.o(.rodata.str1.1)
    .L.str.6                                 0x00000cee   Data          59  display.o(.rodata.str1.1)
    .L.str.8                                 0x00000d29   Data          72  display.o(.rodata.str1.1)
    .L.str                                   0x00000d71   Data          39  display.o(.rodata.str1.1)
    .L.str.3                                 0x00000d98   Data          29  display.o(.rodata.str1.1)
    .L.str.11                                0x00000db5   Data          11  display.o(.rodata.str1.1)
    .L.str.7                                 0x00000dc0   Data          17  display.o(.rodata.str1.1)
    .L.str.2                                 0x00000dd1   Data          13  display.o(.rodata.str1.1)
    .L.str.4                                 0x00000dde   Data          50  display.o(.rodata.str1.1)
    .L.str.5                                 0x00000e10   Data          60  display.o(.rodata.str1.1)
    .L.str.10                                0x00000e4c   Data          46  display.o(.rodata.str1.1)
    .L.str.9                                 0x00000e7a   Data          26  display.o(.rodata.str1.1)
    .L.str.4                                 0x00000e94   Data           3  modes.o(.rodata.str1.1)
    [Anonymous Symbol]                       0x00000e94   Section        0  modes.o(.rodata.str1.1)
    .L.str.1                                 0x00000e97   Data          91  modes.o(.rodata.str1.1)
    .L.str                                   0x00000ef2   Data          12  modes.o(.rodata.str1.1)
    .L.str.2                                 0x00000efe   Data          67  modes.o(.rodata.str1.1)
    .L.str.3                                 0x00000f41   Data          19  modes.o(.rodata.str1.1)
    locale$$data                             0x00000f74   Section      272  lc_ctype_c.o(locale$$data)
    __lcctype_c_name                         0x00000f78   Data           2  lc_ctype_c.o(locale$$data)
    __lcctype_c_start                        0x00000f80   Data           0  lc_ctype_c.o(locale$$data)
    __lcctype_c_end                          0x00001084   Data           0  lc_ctype_c.o(locale$$data)
    .bss                                     0x20000038   Section       96  libspace.o(.bss)
    HeapMem                                  0x200001a0   Data           0  startup.o(HEAP)
    StackMem                                 0x200001a0   Data           0  startup.o(STACK)
    HEAP                                     0x200001a0   Section        0  startup.o(HEAP)
    STACK                                    0x200001a0   Section     1024  startup.o(STACK)

    Global Symbols

    Symbol Name                              Value     Ov Type        Size  Object(Section)

    BuildAttributes$$THM_ISAv4$E$P$D$K$B$S$7EM$PE$A:L22UL41UL21$X:L11$S22US41US21$IEEE1$IW$~IW$USESV6$~STKCKD$USESV7$~SHL$OSPACE$ROPI$EBA8$UX$STANDARDLIB$REQ8$PRES8$EABIv2 0x00000000   Number         0  anon$$obj.o ABSOLUTE
    __Vectors                                0x00000000   Data           0  startup.o(RESET)
    __fp_init_empty                          0x00000000   Number         0  fpinit_empty.o ABSOLUTE
    __ARM_exceptions_init                     - Undefined Weak Reference
    __alloca_initialize                       - Undefined Weak Reference
    __arm_preinit_                            - Undefined Weak Reference
    __arm_relocate_pie_                       - Undefined Weak Reference
    __cpp_initialize__aeabi_                  - Undefined Weak Reference
    __cxa_finalize                            - Undefined Weak Reference
    __sigvec_lookup                           - Undefined Weak Reference
    _atexit_init                              - Undefined Weak Reference
    _call_atexit_fns                          - Undefined Weak Reference
    _clock_init                               - Undefined Weak Reference
    _fp_trap_init                             - Undefined Weak Reference
    _fp_trap_shutdown                         - Undefined Weak Reference
    _get_lc_collate                           - Undefined Weak Reference
    _get_lc_monetary                          - Undefined Weak Reference
    _get_lc_numeric                           - Undefined Weak Reference
    _get_lc_time                              - Undefined Weak Reference
    _getenv_init                              - Undefined Weak Reference
    _handle_redirection                       - Undefined Weak Reference
    _init_alloc                               - Undefined Weak Reference
    _init_user_alloc                          - Undefined Weak Reference
    _initio                                   - Undefined Weak Reference
    _rand_init                                - Undefined Weak Reference
    _signal_finish                            - Undefined Weak Reference
    _signal_init                              - Undefined Weak Reference
    _terminate_alloc                          - Undefined Weak Reference
    _terminate_user_alloc                     - Undefined Weak Reference
    _terminateio                              - Undefined Weak Reference
    Reset_Handler                            0x0000026d   Thumb Code     0  startup.o(RESET)
    NMI_Handler                              0x00000271   Thumb Code     2  startup.o(RESET)
    HardFault_Handler                        0x00000273   Thumb Code     2  startup.o(RESET)
    MemManage_Handler                        0x00000275   Thumb Code     2  startup.o(RESET)
    BusFault_Handler                         0x00000277   Thumb Code     2  startup.o(RESET)
    UsageFault_Handler                       0x00000279   Thumb Code     2  startup.o(RESET)
    SVC_Handler                              0x0000027b   Thumb Code     2  startup.o(RESET)
    DebugMon_Handler                         0x0000027d   Thumb Code     2  startup.o(RESET)
    PendSV_Handler                           0x0000027f   Thumb Code     2  startup.o(RESET)
    ADC0Seq0_Handler                         0x00000283   Thumb Code     0  startup.o(RESET)
    ADC0Seq1_Handler                         0x00000283   Thumb Code     0  startup.o(RESET)
    ADC0Seq2_Handler                         0x00000283   Thumb Code     0  startup.o(RESET)
    ADC0Seq3_Handler                         0x00000283   Thumb Code     0  startup.o(RESET)
    ADC1Seq0_Handler                         0x00000283   Thumb Code     0  startup.o(RESET)
    ADC1Seq1_Handler                         0x00000283   Thumb Code     0  startup.o(RESET)
    ADC1Seq2_Handler                         0x00000283   Thumb Code     0  startup.o(RESET)
    ADC1Seq3_Handler                         0x00000283   Thumb Code     0  startup.o(RESET)
    CAN0_Handler                             0x00000283   Thumb Code     0  startup.o(RESET)
    CAN1_Handler                             0x00000283   Thumb Code     0  startup.o(RESET)
    CAN2_Handler                             0x00000283   Thumb Code     0  startup.o(RESET)
    Comp0_Handler                            0x00000283   Thumb Code     0  startup.o(RESET)
    Comp1_Handler                            0x00000283   Thumb Code     0  startup.o(RESET)
    Comp2_Handler                            0x00000283   Thumb Code     0  startup.o(RESET)
    Ethernet_Handler                         0x00000283   Thumb Code     0  startup.o(RESET)
    ExtBus_Handler                           0x00000283   Thumb Code     0  startup.o(RESET)
    FPU_Handler                              0x00000283   Thumb Code     0  startup.o(RESET)
    Fan0_Handler                             0x00000283   Thumb Code     0  startup.o(RESET)
    FlashCtl_Handler                         0x00000283   Thumb Code     0  startup.o(RESET)
    GPIOPortA_Handler                        0x00000283   Thumb Code     0  startup.o(RESET)
    GPIOPortB_Handler                        0x00000283   Thumb Code     0  startup.o(RESET)
    GPIOPortC_Handler                        0x00000283   Thumb Code     0  startup.o(RESET)
    GPIOPortD_Handler                        0x00000283   Thumb Code     0  startup.o(RESET)
    GPIOPortE_Handler                        0x00000283   Thumb Code     0  startup.o(RESET)
    GPIOPortF_Handler                        0x00000283   Thumb Code     0  startup.o(RESET)
    GPIOPortG_Handler                        0x00000283   Thumb Code     0  startup.o(RESET)
    GPIOPortH_Handler                        0x00000283   Thumb Code     0  startup.o(RESET)
    GPIOPortJ_Handler                        0x00000283   Thumb Code     0  startup.o(RESET)
    GPIOPortK_Handler                        0x00000283   Thumb Code     0  startup.o(RESET)
    GPIOPortL_Handler                        0x00000283   Thumb Code     0  startup.o(RESET)
    GPIOPortM_Handler                        0x00000283   Thumb Code     0  startup.o(RESET)
    GPIOPortN_Handler                        0x00000283   Thumb Code     0  startup.o(RESET)
    GPIOPortP1_Handler                       0x00000283   Thumb Code     0  startup.o(RESET)
    GPIOPortP2_Handler                       0x00000283   Thumb Code     0  startup.o(RESET)
    GPIOPortP3_Handler                       0x00000283   Thumb Code     0  startup.o(RESET)
    GPIOPortP4_Handler                       0x00000283   Thumb Code     0  startup.o(RESET)
    GPIOPortP5_Handler                       0x00000283   Thumb Code     0  startup.o(RESET)
    GPIOPortP6_Handler                       0x00000283   Thumb Code     0  startup.o(RESET)
    GPIOPortP7_Handler                       0x00000283   Thumb Code     0  startup.o(RESET)
    GPIOPortP_Handler                        0x00000283   Thumb Code     0  startup.o(RESET)
    GPIOPortQ1_Handler                       0x00000283   Thumb Code     0  startup.o(RESET)
    GPIOPortQ2_Handler                       0x00000283   Thumb Code     0  startup.o(RESET)
    GPIOPortQ3_Handler                       0x00000283   Thumb Code     0  startup.o(RESET)
    GPIOPortQ4_Handler                       0x00000283   Thumb Code     0  startup.o(RESET)
    GPIOPortQ5_Handler                       0x00000283   Thumb Code     0  startup.o(RESET)
    GPIOPortQ6_Handler                       0x00000283   Thumb Code     0  startup.o(RESET)
    GPIOPortQ7_Handler                       0x00000283   Thumb Code     0  startup.o(RESET)
    GPIOPortQ_Handler                        0x00000283   Thumb Code     0  startup.o(RESET)
    GPIOPortR_Handler                        0x00000283   Thumb Code     0  startup.o(RESET)
    GPIOPortS_Handler                        0x00000283   Thumb Code     0  startup.o(RESET)
    Hibernate_Handler                        0x00000283   Thumb Code     0  startup.o(RESET)
    I2C0_Handler                             0x00000283   Thumb Code     0  startup.o(RESET)
    I2C1_Handler                             0x00000283   Thumb Code     0  startup.o(RESET)
    I2C2_Handler                             0x00000283   Thumb Code     0  startup.o(RESET)
    I2C3_Handler                             0x00000283   Thumb Code     0  startup.o(RESET)
    I2C4_Handler                             0x00000283   Thumb Code     0  startup.o(RESET)
    I2C5_Handler                             0x00000283   Thumb Code     0  startup.o(RESET)
    I2S0_Handler                             0x00000283   Thumb Code     0  startup.o(RESET)
    LPC0_Handler                             0x00000283   Thumb Code     0  startup.o(RESET)
    PECI0_Handler                            0x00000283   Thumb Code     0  startup.o(RESET)
    PWM0Fault_Handler                        0x00000283   Thumb Code     0  startup.o(RESET)
    PWM0Generator0_Handler                   0x00000283   Thumb Code     0  startup.o(RESET)
    PWM0Generator1_Handler                   0x00000283   Thumb Code     0  startup.o(RESET)
    PWM0Generator2_Handler                   0x00000283   Thumb Code     0  startup.o(RESET)
    PWM0Generator3_Handler                   0x00000283   Thumb Code     0  startup.o(RESET)
    PWM1Fault_Handler                        0x00000283   Thumb Code     0  startup.o(RESET)
    PWM1Generator0_Handler                   0x00000283   Thumb Code     0  startup.o(RESET)
    PWM1Generator1_Handler                   0x00000283   Thumb Code     0  startup.o(RESET)
    PWM1Generator2_Handler                   0x00000283   Thumb Code     0  startup.o(RESET)
    PWM1Generator3_Handler                   0x00000283   Thumb Code     0  startup.o(RESET)
    Quadrature0_Handler                      0x00000283   Thumb Code     0  startup.o(RESET)
    Quadrature1_Handler                      0x00000283   Thumb Code     0  startup.o(RESET)
    Quadrature2_Handler                      0x00000283   Thumb Code     0  startup.o(RESET)
    SSI0_Handler                             0x00000283   Thumb Code     0  startup.o(RESET)
    SSI1_Handler                             0x00000283   Thumb Code     0  startup.o(RESET)
    SSI2_Handler                             0x00000283   Thumb Code     0  startup.o(RESET)
    SSI3_Handler                             0x00000283   Thumb Code     0  startup.o(RESET)
    SysCtl_Handler                           0x00000283   Thumb Code     0  startup.o(RESET)
    Timer0A_Handler                          0x00000283   Thumb Code     0  startup.o(RESET)
    Timer0B_Handler                          0x00000283   Thumb Code     0  startup.o(RESET)
    Timer1A_Handler                          0x00000283   Thumb Code     0  startup.o(RESET)
    Timer1B_Handler                          0x00000283   Thumb Code     0  startup.o(RESET)
    Timer2A_Handler                          0x00000283   Thumb Code     0  startup.o(RESET)
    Timer2B_Handler                          0x00000283   Thumb Code     0  startup.o(RESET)
    Timer3A_Handler                          0x00000283   Thumb Code     0  startup.o(RESET)
    Timer3B_Handler                          0x00000283   Thumb Code     0  startup.o(RESET)
    Timer4A_Handler                          0x00000283   Thumb Code     0  startup.o(RESET)
    Timer4B_Handler                          0x00000283   Thumb Code     0  startup.o(RESET)
    Timer5A_Handler                          0x00000283   Thumb Code     0  startup.o(RESET)
    Timer5B_Handler                          0x00000283   Thumb Code     0  startup.o(RESET)
    UART0_Handler                            0x00000283   Thumb Code     0  startup.o(RESET)
    UART1_Handler                            0x00000283   Thumb Code     0  startup.o(RESET)
    UART2_Handler                            0x00000283   Thumb Code     0  startup.o(RESET)
    UART3_Handler                            0x00000283   Thumb Code     0  startup.o(RESET)
    UART4_Handler                            0x00000283   Thumb Code     0  startup.o(RESET)
    UART5_Handler                            0x00000283   Thumb Code     0  startup.o(RESET)
    UART6_Handler                            0x00000283   Thumb Code     0  startup.o(RESET)
    UART7_Handler                            0x00000283   Thumb Code     0  startup.o(RESET)
    USB0_Handler                             0x00000283   Thumb Code     0  startup.o(RESET)
    WDT_Handler                              0x00000283   Thumb Code     0  startup.o(RESET)
    WideTimer0A_Handler                      0x00000283   Thumb Code     0  startup.o(RESET)
    WideTimer0B_Handler                      0x00000283   Thumb Code     0  startup.o(RESET)
    WideTimer1A_Handler                      0x00000283   Thumb Code     0  startup.o(RESET)
    WideTimer1B_Handler                      0x00000283   Thumb Code     0  startup.o(RESET)
    WideTimer2A_Handler                      0x00000283   Thumb Code     0  startup.o(RESET)
    WideTimer2B_Handler                      0x00000283   Thumb Code     0  startup.o(RESET)
    WideTimer3A_Handler                      0x00000283   Thumb Code     0  startup.o(RESET)
    WideTimer3B_Handler                      0x00000283   Thumb Code     0  startup.o(RESET)
    WideTimer4A_Handler                      0x00000283   Thumb Code     0  startup.o(RESET)
    WideTimer4B_Handler                      0x00000283   Thumb Code     0  startup.o(RESET)
    WideTimer5A_Handler                      0x00000283   Thumb Code     0  startup.o(RESET)
    WideTimer5B_Handler                      0x00000283   Thumb Code     0  startup.o(RESET)
    uDMA_Error                               0x00000283   Thumb Code     0  startup.o(RESET)
    uDMA_Handler                             0x00000283   Thumb Code     0  startup.o(RESET)
    __main                                   0x00000285   Thumb Code     8  __main.o(!!!main)
    __scatterload                            0x0000028d   Thumb Code     0  __scatter.o(!!!scatter)
    __scatterload_rt2                        0x0000028d   Thumb Code    44  __scatter.o(!!!scatter)
    __scatterload_rt2_thumb_only             0x0000028d   Thumb Code     0  __scatter.o(!!!scatter)
    __scatterload_null                       0x0000029b   Thumb Code     0  __scatter.o(!!!scatter)
    __scatterload_copy                       0x000002c1   Thumb Code    26  __scatter_copy.o(!!handler_copy)
    __scatterload_zeroinit                   0x000002dd   Thumb Code    28  __scatter_zi.o(!!handler_zi)
    __rt_lib_init                            0x000002f9   Thumb Code     0  libinit.o(.ARM.Collect$$libinit$$00000000)
    __rt_lib_init_fp_1                       0x000002fb   Thumb Code     0  libinit2.o(.ARM.Collect$$libinit$$00000002)
    __rt_lib_init_heap_1                     0x000002fb   Thumb Code     0  libinit2.o(.ARM.Collect$$libinit$$0000000C)
    __rt_lib_init_lc_common                  0x000002fb   Thumb Code     0  libinit2.o(.ARM.Collect$$libinit$$00000011)
    __rt_lib_init_preinit_1                  0x000002fb   Thumb Code     0  libinit2.o(.ARM.Collect$$libinit$$00000006)
    __rt_lib_init_rand_1                     0x000002fb   Thumb Code     0  libinit2.o(.ARM.Collect$$libinit$$00000010)
    __rt_lib_init_relocate_pie_1             0x000002fb   Thumb Code     0  libinit2.o(.ARM.Collect$$libinit$$00000004)
    __rt_lib_init_user_alloc_1               0x000002fb   Thumb Code     0  libinit2.o(.ARM.Collect$$libinit$$0000000E)
    __rt_lib_init_lc_collate_1               0x00000301   Thumb Code     0  libinit2.o(.ARM.Collect$$libinit$$00000013)
    __rt_lib_init_lc_ctype_2                 0x00000301   Thumb Code     0  libinit2.o(.ARM.Collect$$libinit$$00000014)
    __rt_lib_init_alloca_1                   0x0000030d   Thumb Code     0  libinit2.o(.ARM.Collect$$libinit$$00000030)
    __rt_lib_init_argv_1                     0x0000030d   Thumb Code     0  libinit2.o(.ARM.Collect$$libinit$$0000002E)
    __rt_lib_init_atexit_1                   0x0000030d   Thumb Code     0  libinit2.o(.ARM.Collect$$libinit$$0000001D)
    __rt_lib_init_clock_1                    0x0000030d   Thumb Code     0  libinit2.o(.ARM.Collect$$libinit$$00000023)
    __rt_lib_init_cpp_1                      0x0000030d   Thumb Code     0  libinit2.o(.ARM.Collect$$libinit$$00000034)
    __rt_lib_init_exceptions_1               0x0000030d   Thumb Code     0  libinit2.o(.ARM.Collect$$libinit$$00000032)
    __rt_lib_init_fp_trap_1                  0x0000030d   Thumb Code     0  libinit2.o(.ARM.Collect$$libinit$$00000021)
    __rt_lib_init_getenv_1                   0x0000030d   Thumb Code     0  libinit2.o(.ARM.Collect$$libinit$$00000025)
    __rt_lib_init_lc_ctype_1                 0x0000030d   Thumb Code     0  libinit2.o(.ARM.Collect$$libinit$$00000015)
    __rt_lib_init_lc_monetary_1              0x0000030d   Thumb Code     0  libinit2.o(.ARM.Collect$$libinit$$00000017)
    __rt_lib_init_lc_numeric_1               0x0000030d   Thumb Code     0  libinit2.o(.ARM.Collect$$libinit$$00000019)
    __rt_lib_init_lc_time_1                  0x0000030d   Thumb Code     0  libinit2.o(.ARM.Collect$$libinit$$0000001B)
    __rt_lib_init_return                     0x0000030d   Thumb Code     0  libinit2.o(.ARM.Collect$$libinit$$00000035)
    __rt_lib_init_signal_1                   0x0000030d   Thumb Code     0  libinit2.o(.ARM.Collect$$libinit$$0000001F)
    __rt_lib_init_stdio_1                    0x0000030d   Thumb Code     0  libinit2.o(.ARM.Collect$$libinit$$00000027)
    __rt_lib_shutdown                        0x0000030f   Thumb Code     0  libshutdown.o(.ARM.Collect$$libshutdown$$00000000)
    __rt_lib_shutdown_cpp_1                  0x00000311   Thumb Code     0  libshutdown2.o(.ARM.Collect$$libshutdown$$00000002)
    __rt_lib_shutdown_fp_trap_1              0x00000311   Thumb Code     0  libshutdown2.o(.ARM.Collect$$libshutdown$$00000007)
    __rt_lib_shutdown_heap_1                 0x00000311   Thumb Code     0  libshutdown2.o(.ARM.Collect$$libshutdown$$0000000F)
    __rt_lib_shutdown_return                 0x00000311   Thumb Code     0  libshutdown2.o(.ARM.Collect$$libshutdown$$00000010)
    __rt_lib_shutdown_signal_1               0x00000311   Thumb Code     0  libshutdown2.o(.ARM.Collect$$libshutdown$$0000000A)
    __rt_lib_shutdown_stdio_1                0x00000311   Thumb Code     0  libshutdown2.o(.ARM.Collect$$libshutdown$$00000004)
    __rt_lib_shutdown_user_alloc_1           0x00000311   Thumb Code     0  libshutdown2.o(.ARM.Collect$$libshutdown$$0000000C)
    __rt_entry                               0x00000313   Thumb Code     0  __rtentry.o(.ARM.Collect$$rtentry$$00000000)
    __rt_entry_presh_1                       0x00000313   Thumb Code     0  __rtentry2.o(.ARM.Collect$$rtentry$$00000002)
    __rt_entry_sh                            0x00000313   Thumb Code     0  __rtentry4.o(.ARM.Collect$$rtentry$$00000004)
    __rt_entry_li                            0x00000319   Thumb Code     0  __rtentry2.o(.ARM.Collect$$rtentry$$0000000A)
    __rt_entry_postsh_1                      0x00000319   Thumb Code     0  __rtentry2.o(.ARM.Collect$$rtentry$$00000009)
    __rt_entry_main                          0x0000031d   Thumb Code     0  __rtentry2.o(.ARM.Collect$$rtentry$$0000000D)
    __rt_entry_postli_1                      0x0000031d   Thumb Code     0  __rtentry2.o(.ARM.Collect$$rtentry$$0000000C)
    __rt_exit                                0x00000325   Thumb Code     0  rtexit.o(.ARM.Collect$$rtexit$$00000000)
    __rt_exit_ls                             0x00000327   Thumb Code     0  rtexit2.o(.ARM.Collect$$rtexit$$00000003)
    __rt_exit_prels_1                        0x00000327   Thumb Code     0  rtexit2.o(.ARM.Collect$$rtexit$$00000002)
    __rt_exit_exit                           0x0000032b   Thumb Code     0  rtexit2.o(.ARM.Collect$$rtexit$$00000004)
    DisableInterrupts                        0x00000331   Thumb Code     0  startup.o(.text)
    EnableInterrupts                         0x00000335   Thumb Code     0  startup.o(.text)
    StartCritical                            0x00000339   Thumb Code     0  startup.o(.text)
    EndCritical                              0x00000341   Thumb Code     0  startup.o(.text)
    WaitForInterrupt                         0x00000347   Thumb Code     0  startup.o(.text)
    __user_initial_stackheap                 0x0000034b   Thumb Code     0  startup.o(.text)
    tolower                                  0x00000361   Thumb Code    26  tolower.o(.text)
    __use_two_region_memory                  0x0000037b   Thumb Code     2  heapauxi.o(.text)
    __rt_heap_escrow$2region                 0x0000037d   Thumb Code     2  heapauxi.o(.text)
    __rt_heap_expand$2region                 0x0000037f   Thumb Code     2  heapauxi.o(.text)
    __rt_ctype_table                         0x00000381   Thumb Code    16  rt_ctype_table.o(.text)
    __rt_locale                              0x00000391   Thumb Code     8  rt_locale_intlibspace.o(.text)
    __user_libspace                          0x00000399   Thumb Code     8  libspace.o(.text)
    __user_perproc_libspace                  0x00000399   Thumb Code     0  libspace.o(.text)
    __user_perthread_libspace                0x00000399   Thumb Code     0  libspace.o(.text)
    __user_setup_stackheap                   0x000003a1   Thumb Code    74  sys_stackheap_outer.o(.text)
    exit                                     0x000003eb   Thumb Code    18  exit.o(.text)
    strcmp                                   0x00000401   Thumb Code   124  strcmpv7em.o(.text)
    _sys_exit                                0x0000047d   Thumb Code     8  sys_exit.o(.text)
    __I$use$semihosting                      0x00000489   Thumb Code     0  use_no_semi.o(.text)
    __use_no_semihosting_swi                 0x00000489   Thumb Code     2  use_no_semi.o(.text)
    __semihosting_library_function           0x0000048b   Thumb Code     0  indicate_semi.o(.text)
    Colors_Init                              0x0000048d   Thumb Code   114  ledsw.o(.text.Colors_Init)
    Display_Menu                             0x00000501   Thumb Code    88  display.o(.text.Display_Menu)
    Display_Mode1_Menu                       0x00000559   Thumb Code    64  display.o(.text.Display_Mode1_Menu)
    LEDSW_Init                               0x00000599   Thumb Code   364  ledsw.o(.text.LEDSW_Init)
    Mode1                                    0x00000705   Thumb Code   192  modes.o(.text.Mode1)
    Mode2                                    0x000007c5   Thumb Code     2  modes.o(.text.Mode2)
    Mode3                                    0x000007c9   Thumb Code     2  modes.o(.text.Mode3)
    OutCRLF0                                 0x000007cd   Thumb Code    16  uart0.o(.text.OutCRLF0)
    PLL_Init                                 0x000007dd   Thumb Code   132  pll.o(.text.PLL_Init)
    Set_LED_Brightness                       0x00000861   Thumb Code    54  systickpwm.o(.text.Set_LED_Brightness)
    SysTick_Handler                          0x00000899   Thumb Code   134  systickpwm.o(.text.SysTick_Handler)
    SysTick_Init                             0x00000921   Thumb Code    64  systickpwm.o(.text.SysTick_Init)
    UART0_InChar                             0x00000961   Thumb Code    36  uart0.o(.text.UART0_InChar)
    UART0_InUDec                             0x00000985   Thumb Code   152  uart0.o(.text.UART0_InUDec)
    UART0_Init                               0x00000a1d   Thumb Code   158  uart0.o(.text.UART0_Init)
    UART0_OutChar                            0x00000abd   Thumb Code    46  uart0.o(.text.UART0_OutChar)
    UART0_OutString                          0x00000aed   Thumb Code    36  uart0.o(.text.UART0_OutString)
    UART0_OutUDec                            0x00000b11   Thumb Code    72  uart0.o(.text.UART0_OutUDec)
    getLEDColorName                          0x00000b59   Thumb Code    26  ledsw.o(.text.getLEDColorName)
    getLEDColorPortF                         0x00000b75   Thumb Code    24  ledsw.o(.text.getLEDColorPortF)
    main                                     0x00000b8d   Thumb Code    94  cecs447project2mcu1-1.o(.text.main)
    setLEDColor                              0x00000bed   Thumb Code   136  ledsw.o(.text.setLEDColor)
    _get_lc_ctype                            0x00000c75   Thumb Code    44  lc_ctype_c.o(locale$$code)
    Region$$Table$$Base                      0x00000f54   Number         0  anon$$obj.o(Region$$Table)
    Region$$Table$$Limit                     0x00000f74   Number         0  anon$$obj.o(Region$$Table)
    __ctype                                  0x00000f81   Data           0  lc_ctype_c.o(locale$$data)
    colors                                   0x20000000   Data          56  ledsw.o(.data.colors)
    __libspace_start                         0x20000038   Data          96  libspace.o(.bss)
    __temporary_stack_top$libspace           0x20000098   Data           0  libspace.o(.bss)
    colorsChoice                             0x20000098   Data         255  ledsw.o(.bss.colorsChoice)
    colorsIdx                                0x20000197   Data           1  ledsw.o(.bss.colorsIdx)
    high                                     0x20000198   Data           4  systickpwm.o(.bss.high)
    low                                      0x2000019c   Data           4  systickpwm.o(.bss.low)



==============================================================================

Memory Map of the image

  Image Entry point : 0x0000026d

  Load Region LR_1 (Base: 0x00000000, Size: 0x000010bc, Max: 0xffffffff, ABSOLUTE)

    Execution Region ER_RO (Exec base: 0x00000000, Load base: 0x00000000, Size: 0x00001084, Max: 0xffffffff, ABSOLUTE)

    Exec Addr    Load Addr    Size         Type   Attr      Idx    E Section Name        Object

    0x00000000   0x00000000   0x00000284   Code   RO            3  * RESET               startup.o
    0x00000284   0x00000284   0x00000008   Code   RO          166  * !!!main             c_w.l(__main.o)
    0x0000028c   0x0000028c   0x00000034   Code   RO          343    !!!scatter          c_w.l(__scatter.o)
    0x000002c0   0x000002c0   0x0000001a   Code   RO          345    !!handler_copy      c_w.l(__scatter_copy.o)
    0x000002da   0x000002da   0x00000002   PAD
    0x000002dc   0x000002dc   0x0000001c   Code   RO          347    !!handler_zi        c_w.l(__scatter_zi.o)
    0x000002f8   0x000002f8   0x00000002   Code   RO          208    .ARM.Collect$$libinit$$00000000  c_w.l(libinit.o)
    0x000002fa   0x000002fa   0x00000000   Code   RO          210    .ARM.Collect$$libinit$$00000002  c_w.l(libinit2.o)
    0x000002fa   0x000002fa   0x00000000   Code   RO          212    .ARM.Collect$$libinit$$00000004  c_w.l(libinit2.o)
    0x000002fa   0x000002fa   0x00000000   Code   RO          214    .ARM.Collect$$libinit$$00000006  c_w.l(libinit2.o)
    0x000002fa   0x000002fa   0x00000000   Code   RO          217    .ARM.Collect$$libinit$$0000000C  c_w.l(libinit2.o)
    0x000002fa   0x000002fa   0x00000000   Code   RO          219    .ARM.Collect$$libinit$$0000000E  c_w.l(libinit2.o)
    0x000002fa   0x000002fa   0x00000000   Code   RO          221    .ARM.Collect$$libinit$$00000010  c_w.l(libinit2.o)
    0x000002fa   0x000002fa   0x00000006   Code   RO          222    .ARM.Collect$$libinit$$00000011  c_w.l(libinit2.o)
    0x00000300   0x00000300   0x00000000   Code   RO          224    .ARM.Collect$$libinit$$00000013  c_w.l(libinit2.o)
    0x00000300   0x00000300   0x0000000c   Code   RO          225    .ARM.Collect$$libinit$$00000014  c_w.l(libinit2.o)
    0x0000030c   0x0000030c   0x00000000   Code   RO          226    .ARM.Collect$$libinit$$00000015  c_w.l(libinit2.o)
    0x0000030c   0x0000030c   0x00000000   Code   RO          228    .ARM.Collect$$libinit$$00000017  c_w.l(libinit2.o)
    0x0000030c   0x0000030c   0x00000000   Code   RO          230    .ARM.Collect$$libinit$$00000019  c_w.l(libinit2.o)
    0x0000030c   0x0000030c   0x00000000   Code   RO          232    .ARM.Collect$$libinit$$0000001B  c_w.l(libinit2.o)
    0x0000030c   0x0000030c   0x00000000   Code   RO          234    .ARM.Collect$$libinit$$0000001D  c_w.l(libinit2.o)
    0x0000030c   0x0000030c   0x00000000   Code   RO          236    .ARM.Collect$$libinit$$0000001F  c_w.l(libinit2.o)
    0x0000030c   0x0000030c   0x00000000   Code   RO          238    .ARM.Collect$$libinit$$00000021  c_w.l(libinit2.o)
    0x0000030c   0x0000030c   0x00000000   Code   RO          240    .ARM.Collect$$libinit$$00000023  c_w.l(libinit2.o)
    0x0000030c   0x0000030c   0x00000000   Code   RO          242    .ARM.Collect$$libinit$$00000025  c_w.l(libinit2.o)
    0x0000030c   0x0000030c   0x00000000   Code   RO          244    .ARM.Collect$$libinit$$00000027  c_w.l(libinit2.o)
    0x0000030c   0x0000030c   0x00000000   Code   RO          248    .ARM.Collect$$libinit$$0000002E  c_w.l(libinit2.o)
    0x0000030c   0x0000030c   0x00000000   Code   RO          250    .ARM.Collect$$libinit$$00000030  c_w.l(libinit2.o)
    0x0000030c   0x0000030c   0x00000000   Code   RO          252    .ARM.Collect$$libinit$$00000032  c_w.l(libinit2.o)
    0x0000030c   0x0000030c   0x00000000   Code   RO          254    .ARM.Collect$$libinit$$00000034  c_w.l(libinit2.o)
    0x0000030c   0x0000030c   0x00000002   Code   RO          255    .ARM.Collect$$libinit$$00000035  c_w.l(libinit2.o)
    0x0000030e   0x0000030e   0x00000002   Code   RO          289    .ARM.Collect$$libshutdown$$00000000  c_w.l(libshutdown.o)
    0x00000310   0x00000310   0x00000000   Code   RO          300    .ARM.Collect$$libshutdown$$00000002  c_w.l(libshutdown2.o)
    0x00000310   0x00000310   0x00000000   Code   RO          302    .ARM.Collect$$libshutdown$$00000004  c_w.l(libshutdown2.o)
    0x00000310   0x00000310   0x00000000   Code   RO          305    .ARM.Collect$$libshutdown$$00000007  c_w.l(libshutdown2.o)
    0x00000310   0x00000310   0x00000000   Code   RO          308    .ARM.Collect$$libshutdown$$0000000A  c_w.l(libshutdown2.o)
    0x00000310   0x00000310   0x00000000   Code   RO          310    .ARM.Collect$$libshutdown$$0000000C  c_w.l(libshutdown2.o)
    0x00000310   0x00000310   0x00000000   Code   RO          313    .ARM.Collect$$libshutdown$$0000000F  c_w.l(libshutdown2.o)
    0x00000310   0x00000310   0x00000002   Code   RO          314    .ARM.Collect$$libshutdown$$00000010  c_w.l(libshutdown2.o)
    0x00000312   0x00000312   0x00000000   Code   RO          168    .ARM.Collect$$rtentry$$00000000  c_w.l(__rtentry.o)
    0x00000312   0x00000312   0x00000000   Code   RO          172    .ARM.Collect$$rtentry$$00000002  c_w.l(__rtentry2.o)
    0x00000312   0x00000312   0x00000006   Code   RO          184    .ARM.Collect$$rtentry$$00000004  c_w.l(__rtentry4.o)
    0x00000318   0x00000318   0x00000000   Code   RO          174    .ARM.Collect$$rtentry$$00000009  c_w.l(__rtentry2.o)
    0x00000318   0x00000318   0x00000004   Code   RO          175    .ARM.Collect$$rtentry$$0000000A  c_w.l(__rtentry2.o)
    0x0000031c   0x0000031c   0x00000000   Code   RO          177    .ARM.Collect$$rtentry$$0000000C  c_w.l(__rtentry2.o)
    0x0000031c   0x0000031c   0x00000008   Code   RO          178    .ARM.Collect$$rtentry$$0000000D  c_w.l(__rtentry2.o)
    0x00000324   0x00000324   0x00000002   Code   RO          256    .ARM.Collect$$rtexit$$00000000  c_w.l(rtexit.o)
    0x00000326   0x00000326   0x00000000   Code   RO          263    .ARM.Collect$$rtexit$$00000002  c_w.l(rtexit2.o)
    0x00000326   0x00000326   0x00000004   Code   RO          264    .ARM.Collect$$rtexit$$00000003  c_w.l(rtexit2.o)
    0x0000032a   0x0000032a   0x00000006   Code   RO          265    .ARM.Collect$$rtexit$$00000004  c_w.l(rtexit2.o)
    0x00000330   0x00000330   0x00000030   Code   RO            4    .text               startup.o
    0x00000360   0x00000360   0x0000001a   Code   RO          162    .text               c_w.l(tolower.o)
    0x0000037a   0x0000037a   0x00000006   Code   RO          164    .text               c_w.l(heapauxi.o)
    0x00000380   0x00000380   0x00000010   Code   RO          169    .text               c_w.l(rt_ctype_table.o)
    0x00000390   0x00000390   0x00000008   Code   RO          189    .text               c_w.l(rt_locale_intlibspace.o)
    0x00000398   0x00000398   0x00000008   Code   RO          194    .text               c_w.l(libspace.o)
    0x000003a0   0x000003a0   0x0000004a   Code   RO          197    .text               c_w.l(sys_stackheap_outer.o)
    0x000003ea   0x000003ea   0x00000012   Code   RO          199    .text               c_w.l(exit.o)
    0x000003fc   0x000003fc   0x00000004   PAD
    0x00000400   0x00000400   0x0000007c   Code   RO          201    .text               c_w.l(strcmpv7em.o)
    0x0000047c   0x0000047c   0x0000000c   Code   RO          275    .text               c_w.l(sys_exit.o)
    0x00000488   0x00000488   0x00000002   Code   RO          290    .text               c_w.l(use_no_semi.o)
    0x0000048a   0x0000048a   0x00000000   Code   RO          292    .text               c_w.l(indicate_semi.o)
    0x0000048a   0x0000048a   0x00000002   PAD
    0x0000048c   0x0000048c   0x00000072   Code   RO           57    .text.Colors_Init   ledsw.o
    0x000004fe   0x000004fe   0x00000002   PAD
    0x00000500   0x00000500   0x00000058   Code   RO          101    .text.Display_Menu  display.o
    0x00000558   0x00000558   0x00000040   Code   RO          103    .text.Display_Mode1_Menu  display.o
    0x00000598   0x00000598   0x0000016c   Code   RO           59    .text.LEDSW_Init    ledsw.o
    0x00000704   0x00000704   0x000000c0   Code   RO          147    .text.Mode1         modes.o
    0x000007c4   0x000007c4   0x00000002   Code   RO          149    .text.Mode2         modes.o
    0x000007c6   0x000007c6   0x00000002   PAD
    0x000007c8   0x000007c8   0x00000002   Code   RO          151    .text.Mode3         modes.o
    0x000007ca   0x000007ca   0x00000002   PAD
    0x000007cc   0x000007cc   0x00000010   Code   RO           86    .text.OutCRLF0      uart0.o
    0x000007dc   0x000007dc   0x00000084   Code   RO           13    .text.PLL_Init      pll.o
    0x00000860   0x00000860   0x00000036   Code   RO          117    .text.Set_LED_Brightness  systickpwm.o
    0x00000896   0x00000896   0x00000002   PAD
    0x00000898   0x00000898   0x00000086   Code   RO          115    .text.SysTick_Handler  systickpwm.o
    0x0000091e   0x0000091e   0x00000002   PAD
    0x00000920   0x00000920   0x00000040   Code   RO          113    .text.SysTick_Init  systickpwm.o
    0x00000960   0x00000960   0x00000024   Code   RO           82    .text.UART0_InChar  uart0.o
    0x00000984   0x00000984   0x00000098   Code   RO           90    .text.UART0_InUDec  uart0.o
    0x00000a1c   0x00000a1c   0x0000009e   Code   RO           80    .text.UART0_Init    uart0.o
    0x00000aba   0x00000aba   0x00000002   PAD
    0x00000abc   0x00000abc   0x0000002e   Code   RO           84    .text.UART0_OutChar  uart0.o
    0x00000aea   0x00000aea   0x00000002   PAD
    0x00000aec   0x00000aec   0x00000024   Code   RO           88    .text.UART0_OutString  uart0.o
    0x00000b10   0x00000b10   0x00000048   Code   RO           92    .text.UART0_OutUDec  uart0.o
    0x00000b58   0x00000b58   0x0000001a   Code   RO           65    .text.getLEDColorName  ledsw.o
    0x00000b72   0x00000b72   0x00000002   PAD
    0x00000b74   0x00000b74   0x00000018   Code   RO           61    .text.getLEDColorPortF  ledsw.o
    0x00000b8c   0x00000b8c   0x0000005e   Code   RO           48    .text.main          cecs447project2mcu1-1.o
    0x00000bea   0x00000bea   0x00000002   PAD
    0x00000bec   0x00000bec   0x00000088   Code   RO           67    .text.setLEDColor   ledsw.o
    0x00000c74   0x00000c74   0x0000002c   Code   RO          192    locale$$code        c_w.l(lc_ctype_c.o)
    0x00000ca0   0x00000ca0   0x00000046   Data   RO           69    .rodata.str1.1      ledsw.o
    0x00000ce6   0x00000ce6   0x000001ae   Data   RO          105    .rodata.str1.1      display.o
    0x00000e94   0x00000e94   0x000000c0   Data   RO          153    .rodata.str1.1      modes.o
    0x00000f54   0x00000f54   0x00000020   Data   RO          342    Region$$Table       anon$$obj.o
    0x00000f74   0x00000f74   0x00000110   Data   RO          191    locale$$data        c_w.l(lc_ctype_c.o)


    Execution Region ER_RW (Exec base: 0x20000000, Load base: 0x00001084, Size: 0x00000038, Max: 0xffffffff, ABSOLUTE)

    Exec Addr    Load Addr    Size         Type   Attr      Idx    E Section Name        Object

    0x20000000   0x00001084   0x00000038   Data   RW           70    .data.colors        ledsw.o


    Execution Region ER_ZI (Exec base: 0x20000038, Load base: 0x000010bc, Size: 0x00000568, Max: 0xffffffff, ABSOLUTE)

    Exec Addr    Load Addr    Size         Type   Attr      Idx    E Section Name        Object

    0x20000038        -       0x00000060   Zero   RW          195    .bss                c_w.l(libspace.o)
    0x20000098        -       0x000000ff   Zero   RW           72    .bss.colorsChoice   ledsw.o
    0x20000197        -       0x00000001   Zero   RW           71    .bss.colorsIdx      ledsw.o
    0x20000198        -       0x00000004   Zero   RW          120    .bss.high           systickpwm.o
    0x2000019c        -       0x00000004   Zero   RW          119    .bss.low            systickpwm.o
    0x200001a0        -       0x00000000   Zero   RW            2    HEAP                startup.o
    0x200001a0        -       0x00000400   Zero   RW            1    STACK               startup.o


==============================================================================

Image component sizes


      Code (inc. data)   RO Data    RW Data    ZI Data      Debug   Object Name

        94          0          0          0          0        474   cecs447project2mcu1-1.o
       152          0        430          0          0       1010   display.o
       664          0         70         56        256       1853   ledsw.o
       196          0        192          0          0       1138   modes.o
       132          0          0          0          0        478   pll.o
       692        632          0          0       1024       1052   startup.o
       252          0          0          0          8        999   systickpwm.o
       516          0          0          0          0       1630   uart0.o

    ----------------------------------------------------------------------
      2716        632        724         56       1288       8634   Object Totals
         0          0         32          0          0          0   (incl. Generated)
        18          0          0          0          0          0   (incl. Padding)

    ----------------------------------------------------------------------

      Code (inc. data)   RO Data    RW Data    ZI Data      Debug   Library Member Name

         8          0          0          0          0         68   __main.o
         0          0          0          0          0          0   __rtentry.o
        12          0          0          0          0          0   __rtentry2.o
         6          0          0          0          0          0   __rtentry4.o
        52          8          0          0          0          0   __scatter.o
        26          0          0          0          0          0   __scatter_copy.o
        28          0          0          0          0          0   __scatter_zi.o
        18          0          0          0          0         80   exit.o
         6          0          0          0          0        152   heapauxi.o
         0          0          0          0          0          0   indicate_semi.o
        44         10        272          0          0         76   lc_ctype_c.o
         2          0          0          0          0          0   libinit.o
        20          0          0          0          0          0   libinit2.o
         2          0          0          0          0          0   libshutdown.o
         2          0          0          0          0          0   libshutdown2.o
         8          4          0          0         96         68   libspace.o
        16          4          0          0          0         76   rt_ctype_table.o
         8          4          0          0          0         68   rt_locale_intlibspace.o
         2          0          0          0          0          0   rtexit.o
        10          0          0          0          0          0   rtexit2.o
       124          0          0          0          0         88   strcmpv7em.o
        12          4          0          0          0         68   sys_exit.o
        74          0          0          0          0         80   sys_stackheap_outer.o
        26          0          0          0          0         76   tolower.o
         2          0          0          0          0         68   use_no_semi.o

    ----------------------------------------------------------------------
       516         34        272          0         96        968   Library Totals
         8          0          0          0          0          0   (incl. Padding)

    ----------------------------------------------------------------------

      Code (inc. data)   RO Data    RW Data    ZI Data      Debug   Library Name

       508         34        272          0         96        968   c_w.l

    ----------------------------------------------------------------------
       516         34        272          0         96        968   Library Totals

    ----------------------------------------------------------------------

==============================================================================


      Code (inc. data)   RO Data    RW Data    ZI Data      Debug   

      3232        666        996         56       1384       9114   Grand Totals
      3232        666        996         56       1384       9114   ELF Image Totals
      3232        666        996         56          0          0   ROM Totals

==============================================================================

    Total RO  Size (Code + RO Data)                 4228 (   4.13kB)
    Total RW  Size (RW Data + ZI Data)              1440 (   1.41kB)
    Total ROM Size (Code + RO Data + RW Data)       4284 (   4.18kB)

==============================================================================

